
> toolsproject@0.0.0 start
> ng serve --host 127.0.0.1

> Building...
√ Building...
Initial chunk files | Names            |  Raw size
main.js             | main             | 590.46 kB | 
styles.css          | style> Changes detected. Rebuilding...
√ Changes detected. Rebuilding...
Application bundle generation failed. [23.486 seconds] - 2026-08-22T07:39:27.342Z

> Changes detected. Rebuilding...
√ Changes detected. Rebuilding...
Application bundle generation failed. [1.640 seconds] - 2026-08-22T07:39:30.002Z

> Changes detected. Rebuilding...
√ Changes detected. Rebuilding...
Application bundle generation failed. [8.522 seconds] - 2026-08-22T07:43:09.470Z

> Changes detected. Rebuilding...
√ Changes detected. Rebuilding...
Application bundle generation failed. [3.696 seconds] - 2026-08-22T07:43:38.811Z

> Changes detected. Rebuilding...
√ Changes detected. Rebuilding...
Application bundle generation failed. [3.214 seconds] - 2026-08-22T07:44:10.998Z

> Changes detected. Rebuilding...
√ Changes detected. Rebuilding...
Application bundle generation failed. [1.832 seconds] - 2026-08-22T07:45:19.158Z

> Changes detected. Rebuilding...
√ Changes detected. Rebuilding...
Application bundle generation failed. [2.259 seconds] - 2026-08-22T07:45:26.236Z

> Changes detected. Rebuilding...
√ Changes detected. Rebuilding...
Application bundle generation failed. [11.343 seconds] - 2026-08-22T11:32:51.017Z

> Changes detected. Rebuilding...
√ Changes detected. Rebuilding...
Application bundle generation failed. [3.450 seconds] - 2026-08-22T11:32:54.716Z

> Changes detected. Rebuilding...
√ Changes detected. Rebuilding...
Application bundle generation failed. [2.182 seconds] - 2026-08-22T11:32:56.960Z

> Changes detected. Rebuilding...
√ Changes detected. Rebuilding...
Application bundle generation failed. [1.907 seconds] - 2026-08-22T11:34:29.452Z

> Changes detected. Rebuilding...
√ Changes detected. Rebuilding...
Application bundle generation failed. [1.455 seconds] - 2026-08-22T11:34:41.737Z

> Changes detected. Rebuilding...
√ Changes detected. Rebuilding...
Application bundle generation failed. [0.001 seconds] - 2026-08-22T11:35:16.217Z

n  | 594.03 kB | 

Application bundle generation complete. [3.397 seconds] - 2026-08-22T07:44:11.186Z

Page reload sent to client(s).
> Changes detected. Rebuilding...
√ Changes detected. Rebuilding...
Initial chunk files | Names |  Raw size
main.js             | main  | 594.13 kB | 

Application bundle generation complete. [1.992 seconds] - 2026-08-22T07:45:19.344Z

Page reload sent to client(s).
> Changes detected. Rebuilding...
√ Changes detected. Rebuilding...
Initial chunk files | Names |  Raw size
main.js             | main  | 594.67 kB | 

Application bundle generation complete. [2.732 seconds] - 2026-08-22T07:45:26.710Z

Component update sent to client(s).
> Changes detected. Rebuilding...
√ Changes detected. Rebuilding...
Initial chunk files | Names |  Raw size
main.js             | main  | 594.27 kB | 

Application bundle generation complete. [18.822 seconds] - 2026-08-22T11:32:58.479Z

Page reload sent to client(s).
> Changes detected. Rebuilding...
√ Changes detected. Rebuilding...
Initial chunk files | Names |  Raw size
main.js             | main  | 593.97 kB | 

Application bundle generation complete. [9.441 seconds] - 2026-08-22T11:33:08.058Z

Component update sent to client(s).
> Changes detected. Rebuilding...
√ Changes detected. Rebuilding...
Initial chunk files | Names |  Raw size
main.js             | main  | 594.63 kB | 

Application bundle generation complete. [2.042 seconds] - 2026-08-22T11:34:29.570Z

Component update sent to client(s).
> Changes detected. Rebuilding...
√ Changes detected. Rebuilding...
Application bundle generation failed. [1.567 seconds] - 2026-08-22T11:34:41.850Z

> Changes detected. Rebuilding...
√ Changes detected. Rebuilding...
Application bundle generation failed. [0.003 seconds] - 2026-08-22T11:35:16.219Z

